<?xml version="1.0" encoding="UTF-8"?><mappingRoot domainID="com.ibm.ccl.mapping.codegen.xslt.domain" targetNamespace="http://gsb_servicesStubs_v1_0/xslt/XSLTransformation1_req_1" xmlns="http://www.ibm.com/2008/ccl/Mapping" xmlns:map="http://gsb_servicesStubs_v1_0/xslt/XSLTransformation1_req_1">
    <input path="smo://smo/name%3Dwsdl-primary/message%3D%257Burn%253Amoi.gov.qa%252FestablishmentInfo%252Fspecifications%252Fv1_0%252F%257DEstablishmentRestrictionInfoisRestrictedRequest/xpath%3D%252Fbody/smo.xsd"/>
    <output path="smo://smo/name%3Dwsdl-primary/message%3D%257Burn%253Amoi.gov.qa%252FestablishmentInfo%252Fspecifications%252Fv1_0%252F%257DEstablishmentRestrictionInfoisRestrictedResponse/xpath%3D%252Fbody/smo.xsd"/>
    <mappingDeclaration name="XSLTransformation1_req_1">
        <input path="body"/>
        <output path="body"/>
        <mapping>
            <output path="EstablishmentRestrictionInfoisRestrictedResponse1/restricted"/>
            <function ref="assign">
                <property key="value" value="false"/>
            </function>
        </mapping>
    </mappingDeclaration>
</mappingRoot>