<?xml version="1.0" encoding="UTF-8"?><mappingRoot domainID="com.ibm.ccl.mapping.codegen.xslt.domain" targetNamespace="http://gsb_servicesStubs_v1_0/xslt/XSLTransformation1_req_7" xmlns="http://www.ibm.com/2008/ccl/Mapping" xmlns:map="http://gsb_servicesStubs_v1_0/xslt/XSLTransformation1_req_7">
    <input path="smo://smo/name%3Dwsdl-primary/message%3D%257Burn%253Amol.gov.qa%252FcustomerService%252Frecruitment%252Fspecifications%252Fv1_0%252F%257DLookupsgetProfessionsListRequest/xpath%3D%252Fbody/smo.xsd"/>
    <output path="smo://smo/name%3Dwsdl-primary/message%3D%257Burn%253Amol.gov.qa%252FcustomerService%252Frecruitment%252Fspecifications%252Fv1_0%252F%257DLookupsgetProfessionsListResponse/xpath%3D%252Fbody/smo.xsd"/>
    <mappingDeclaration name="XSLTransformation1_req_7">
        <input path="body"/>
        <output path="body"/>
        <mapping>
            <output path="LookupsgetProfessionsListResponse1/professionsList/name_En"/>
            <function ref="assign">
                <property key="value" value="Engineer"/>
            </function>
        </mapping>
        <mapping>
            <output path="LookupsgetProfessionsListResponse1/professionsList/name_Ar"/>
            <function ref="assign">
                <property key="value" value="مهندس"/>
            </function>
        </mapping>
        <mapping>
            <output path="LookupsgetProfessionsListResponse1/professionsList/ID"/>
            <function ref="assign">
                <property key="value" value="765"/>
            </function>
        </mapping>
    </mappingDeclaration>
</mappingRoot>