<?xml version="1.0" encoding="UTF-8"?>
<map:businessObjectMap xmlns:ApplicationDetailsLW="urn:mol.gov.qa/customerService/recruitment/xml/schemas/v1_0/" xmlns:applicationLWMap="http://mol_recruit_submitapplication_process/qa/gov/ict/maps" xmlns:map="http://www.ibm.com/xmlns/prod/websphere/wbiserver/map/6.0.0" targetNamespace="http://mol_recruit_submitapplication_process/qa/gov/ict/maps">
  <map:name>applicationLWMap</map:name>
  <map:inputBusinessObjectVariable businessObjectRef="ApplicationDetailsLW:ApplicationDetailsLW" name="ApplicationDetailsLW"/>
  <map:outputBusinessObjectVariable businessObjectRef="ApplicationDetailsLW:ApplicationLW" name="ApplicationLW"/>
  <map:propertyMap executionOrder="1">
    <map:move>
      <map:input businessObjectVariableRef="ApplicationDetailsLW" property="estID"/>
      <map:output businessObjectVariableRef="ApplicationLW" property="estID"/>
    </map:move>
  </map:propertyMap>
  <map:propertyMap executionOrder="2">
    <map:move>
      <map:input businessObjectVariableRef="ApplicationDetailsLW" property="electricityNumber"/>
      <map:output businessObjectVariableRef="ApplicationLW" property="electricityNumber"/>
    </map:move>
  </map:propertyMap>
  <map:propertyMap executionOrder="3">
    <map:move>
      <map:input businessObjectVariableRef="ApplicationDetailsLW" property="agentQID"/>
      <map:output businessObjectVariableRef="ApplicationLW" property="agentQID"/>
    </map:move>
  </map:propertyMap>
  <map:propertyMap executionOrder="4">
    <map:move>
      <map:input businessObjectVariableRef="ApplicationDetailsLW" property="agentEmail"/>
      <map:output businessObjectVariableRef="ApplicationLW" property="agentEmail"/>
    </map:move>
  </map:propertyMap>
  <map:propertyMap executionOrder="5">
    <map:move>
      <map:input businessObjectVariableRef="ApplicationDetailsLW" property="agentPhone"/>
      <map:output businessObjectVariableRef="ApplicationLW" property="agentPhone"/>
    </map:move>
  </map:propertyMap>
  <map:propertyMap executionOrder="6">
    <map:move>
      <map:input businessObjectVariableRef="ApplicationDetailsLW" property="estName"/>
      <map:output businessObjectVariableRef="ApplicationLW" property="estName"/>
    </map:move>
  </map:propertyMap>
  <map:propertyMap executionOrder="7">
    <map:move>
      <map:input businessObjectVariableRef="ApplicationDetailsLW" property="commercialRegistrationCode"/>
      <map:output businessObjectVariableRef="ApplicationLW" property="commercialRegistrationCode"/>
    </map:move>
  </map:propertyMap>
  <map:propertyMap executionOrder="8">
    <map:move>
      <map:input businessObjectVariableRef="ApplicationDetailsLW" property="commercialPermitID"/>
      <map:output businessObjectVariableRef="ApplicationLW" property="commercialPermitID"/>
    </map:move>
  </map:propertyMap>
</map:businessObjectMap>